###############################################################################
#
# IAR ELF Linker V8.40.1.212/W32 for ARM                  07/Nov/2019  18:02:45
# Copyright 2007-2019 IAR Systems AB.
#
#    Output file  =
#        F:\X300MainBoardAPP\EWARM\X100MainBoard\Exe\X100MainBoard.out
#    Map file     =
#        F:\X300MainBoardAPP\EWARM\X100MainBoard\List\X100MainBoard.map
#    Command line =
#        -f C:\Users\lifen\AppData\Local\Temp\EW8128.tmp
#        (F:\X300MainBoardAPP\EWARM\X100MainBoard\Obj\18B20.o
#        F:\X300MainBoardAPP\EWARM\X100MainBoard\Obj\cmsis_os.o
#        F:\X300MainBoardAPP\EWARM\X100MainBoard\Obj\croutine.o
#        F:\X300MainBoardAPP\EWARM\X100MainBoard\Obj\dma.o
#        F:\X300MainBoardAPP\EWARM\X100MainBoard\Obj\event_groups.o
#        F:\X300MainBoardAPP\EWARM\X100MainBoard\Obj\FlashEEPROM.o
#        F:\X300MainBoardAPP\EWARM\X100MainBoard\Obj\freertos.o
#        F:\X300MainBoardAPP\EWARM\X100MainBoard\Obj\gpio.o
#        F:\X300MainBoardAPP\EWARM\X100MainBoard\Obj\GY25.o
#        F:\X300MainBoardAPP\EWARM\X100MainBoard\Obj\heap_4.o
#        F:\X300MainBoardAPP\EWARM\X100MainBoard\Obj\i2c.o
#        F:\X300MainBoardAPP\EWARM\X100MainBoard\Obj\iwdg.o
#        F:\X300MainBoardAPP\EWARM\X100MainBoard\Obj\list.o
#        F:\X300MainBoardAPP\EWARM\X100MainBoard\Obj\main.o
#        F:\X300MainBoardAPP\EWARM\X100MainBoard\Obj\mcp4541.o
#        F:\X300MainBoardAPP\EWARM\X100MainBoard\Obj\port.o
#        F:\X300MainBoardAPP\EWARM\X100MainBoard\Obj\portasm.o
#        F:\X300MainBoardAPP\EWARM\X100MainBoard\Obj\queue.o
#        F:\X300MainBoardAPP\EWARM\X100MainBoard\Obj\startup_stm32f103xe.o
#        F:\X300MainBoardAPP\EWARM\X100MainBoard\Obj\stm32f1xx_hal.o
#        F:\X300MainBoardAPP\EWARM\X100MainBoard\Obj\stm32f1xx_hal_cortex.o
#        F:\X300MainBoardAPP\EWARM\X100MainBoard\Obj\stm32f1xx_hal_dma.o
#        F:\X300MainBoardAPP\EWARM\X100MainBoard\Obj\stm32f1xx_hal_flash.o
#        F:\X300MainBoardAPP\EWARM\X100MainBoard\Obj\stm32f1xx_hal_flash_ex.o
#        F:\X300MainBoardAPP\EWARM\X100MainBoard\Obj\stm32f1xx_hal_gpio.o
#        F:\X300MainBoardAPP\EWARM\X100MainBoard\Obj\stm32f1xx_hal_gpio_ex.o
#        F:\X300MainBoardAPP\EWARM\X100MainBoard\Obj\stm32f1xx_hal_i2c.o
#        F:\X300MainBoardAPP\EWARM\X100MainBoard\Obj\stm32f1xx_hal_iwdg.o
#        F:\X300MainBoardAPP\EWARM\X100MainBoard\Obj\stm32f1xx_hal_msp.o
#        F:\X300MainBoardAPP\EWARM\X100MainBoard\Obj\stm32f1xx_hal_pwr.o
#        F:\X300MainBoardAPP\EWARM\X100MainBoard\Obj\stm32f1xx_hal_rcc.o
#        F:\X300MainBoardAPP\EWARM\X100MainBoard\Obj\stm32f1xx_hal_rcc_ex.o
#        F:\X300MainBoardAPP\EWARM\X100MainBoard\Obj\stm32f1xx_hal_tim.o
#        F:\X300MainBoardAPP\EWARM\X100MainBoard\Obj\stm32f1xx_hal_tim_ex.o
#        F:\X300MainBoardAPP\EWARM\X100MainBoard\Obj\stm32f1xx_hal_timebase_tim.o
#        F:\X300MainBoardAPP\EWARM\X100MainBoard\Obj\stm32f1xx_hal_uart.o
#        F:\X300MainBoardAPP\EWARM\X100MainBoard\Obj\stm32f1xx_it.o
#        F:\X300MainBoardAPP\EWARM\X100MainBoard\Obj\system_stm32f1xx.o
#        F:\X300MainBoardAPP\EWARM\X100MainBoard\Obj\tasks.o
#        F:\X300MainBoardAPP\EWARM\X100MainBoard\Obj\tim.o
#        F:\X300MainBoardAPP\EWARM\X100MainBoard\Obj\timers.o
#        F:\X300MainBoardAPP\EWARM\X100MainBoard\Obj\usart.o
#        F:\X300MainBoardAPP\EWARM\X100MainBoard\Obj\WaterLevel.o --redirect
#        _Printf=_PrintfFull --redirect _Scanf=_ScanfFull --no_out_extension -o
#        F:\X300MainBoardAPP\EWARM\X100MainBoard\Exe\X100MainBoard.out --map
#        F:\X300MainBoardAPP\EWARM\X100MainBoard\List\X100MainBoard.map
#        --config F:\X300MainBoardAPP\EWARM/stm32f103xe_flash.icf --semihosting
#        --entry __iar_program_start --vfe --text_out locale)
#
###############################################################################

*******************************************************************************
*** RUNTIME MODEL ATTRIBUTES
***

CppFlavor       = *
__SystemLibrary = DLib
__dlib_version  = 6


*******************************************************************************
*** HEAP SELECTION
***

The basic heap was selected because no calls to memory allocation
functions were found in the application outside of system library
functions, and there are calls to deallocation functions in the
application.


*******************************************************************************
*** PLACEMENT SUMMARY
***

"A0":  place at address 0x800'0000 { ro section .intvec };
"P1":  place in [from 0x800'0000 to 0x807'ffff] { ro };
define block CSTACK with size = 6K, alignment = 8 { };
define block HEAP with size = 4608, alignment = 8 { };
"P2":  place in [from 0x2000'0000 to 0x2000'ffff] {
          rw, block CSTACK, block HEAP };
initialize by copy { rw };

  Section            Kind         Address    Size  Object
  -------            ----         -------    ----  ------
"A0":                                       0x130
  .intvec            ro code   0x800'0000   0x130  startup_stm32f103xe.o [1]
                             - 0x800'0130   0x130

"P1":                                      0x5976
  .text              ro code   0x800'0130  0x10c6  xprintffull.o [2]
  .text              ro code   0x800'11f6    0x3a  zero_init3.o [4]
  .text              ro code   0x800'1230    0x7c  xlocale_c.o [2]
  .text              ro code   0x800'12ac    0x16  strchr.o [4]
  .text              ro code   0x800'12c2    0x1e  xencoding_8859_1.o [2]
  .text              ro code   0x800'12e0    0x40  xfail_s.o [2]
  .text              ro code   0x800'1320    0x36  strlen.o [4]
  .rodata            const     0x800'1356     0x2  xlocale_c.o [2]
  .text              ro code   0x800'1358    0x58  memchr.o [4]
  .text              ro code   0x800'13b0    0x18  ABImemcpy_small.o [4]
  .text              ro code   0x800'13c8    0x70  frexp.o [3]
  .text              ro code   0x800'1438    0x2e  DblCmpLe.o [3]
  .rodata            const     0x800'1466     0x2  xlocale_c.o [2]
  .text              ro code   0x800'1468    0x2e  DblCmpGe.o [3]
  .rodata            const     0x800'1496     0x1  xlocale_c.o [2]
  .text              ro code   0x800'1498   0x13a  ldexp.o [3]
  .text              ro code   0x800'15d4    0x3a  DblToS32.o [3]
  .text              ro code   0x800'1610    0x22  S32ToDbl.o [3]
  .text              ro code   0x800'1634    0xe2  DblSub.o [3]
  .text              ro code   0x800'1718   0x246  DblDiv.o [3]
  .text              ro code   0x800'1960    0x28  DblToU32.o [3]
  .text              ro code   0x800'1988    0x1a  U32ToDbl.o [3]
  .text              ro code   0x800'19a4   0x1a2  DblMul.o [3]
  .text              ro code   0x800'1b46     0xa  xmbcurmax.o [2]
  .text              ro code   0x800'1b50   0x230  I64DivMod.o [4]
  .text              ro code   0x800'1d80     0x6  abort.o [2]
  .text              ro code   0x800'1d88   0x17a  DblAdd.o [3]
  .text              ro code   0x800'1f04     0x2  I64DivZer.o [4]
  .text              ro code   0x800'1f08    0x14  exit.o [5]
  .text              ro code   0x800'1f1c   0x69a  stm32f1xx_hal_tim.o [1]
  .text              ro code   0x800'25b8   0x234  tim.o [1]
  .text              ro code   0x800'27ec     0x2  stm32f1xx_hal_tim.o [1]
  .text              ro code   0x800'27ee     0x2  stm32f1xx_hal_tim.o [1]
  .text              ro code   0x800'27f0     0x2  stm32f1xx_hal_tim.o [1]
  .text              ro code   0x800'27f4   0x32a  main.o [1]
  .text              ro code   0x800'2b1e     0x2  stm32f1xx_hal_tim_ex.o [1]
  .text              ro code   0x800'2b20     0x2  stm32f1xx_hal_tim.o [1]
  .text              ro code   0x800'2b22     0x2  stm32f1xx_hal_tim_ex.o [1]
  .text              ro code   0x800'2b24     0x2  stm32f1xx_hal_tim.o [1]
  .text              ro code   0x800'2b26    0x14  memset.o [4]
  .text              ro code   0x800'2b3c    0x4a  stm32f1xx_hal_tim_ex.o [1]
  .text              ro code   0x800'2b88    0x98  stm32f1xx_hal_cortex.o [1]
  .text              ro code   0x800'2c20   0x1f0  stm32f1xx_hal_gpio.o [1]
  .text              ro code   0x800'2e10    0x24  stm32f1xx_hal.o [1]
  .text              ro code   0x800'2e34   0x118  gpio.o [1]
  .text              ro code   0x800'2f4c    0x40  dma.o [1]
  .text              ro code   0x800'2f8c   0x134  i2c.o [1]
  .text              ro code   0x800'30c0   0x384  usart.o [1]
  .text              ro code   0x800'3444    0x28  stm32f1xx_hal.o [1]
  .text              ro code   0x800'346c    0x2c  iwdg.o [1]
  .text              ro code   0x800'3498   0x1b4  freertos.o [1]
  .text              ro code   0x800'364c    0x5c  cmsis_os.o [1]
  .text              ro code   0x800'36a8     0x6  ABImemclr4.o [4]
  .text              ro code   0x800'36b0   0x528  stm32f1xx_hal_rcc.o [1]
  .text              ro code   0x800'3bd8    0xf4  18B20.o [1]
  .text              ro code   0x800'3ccc   0x1f4  WaterLevel.o [1]
  .text              ro code   0x800'3ec0    0x20  FlashEEPROM.o [1]
  .text              ro code   0x800'3ee0    0xac  mcp4541.o [1]
  .text              ro code   0x800'3f8c   0x66c  stm32f1xx_hal_uart.o [1]
  .text              ro code   0x800'45f8    0x10  stm32f1xx_hal.o [1]
  .text              ro code   0x800'4608    0x66  ABImemset.o [4]
  .text              ro code   0x800'4670    0x78  stm32f1xx_hal_timebase_tim.o [1]
  .text              ro code   0x800'46e8    0x4c  stm32f1xx_hal_msp.o [1]
  .text              ro code   0x800'4734   0x426  stm32f1xx_hal_dma.o [1]
  .text              ro code   0x800'4b5c    0x28  printf.o [2]
  .text              ro code   0x800'4b84     0xc  stm32f1xx_hal.o [1]
  .text              ro code   0x800'4b90    0x50  stm32f1xx_hal_iwdg.o [1]
  .text              ro code   0x800'4be0   0x540  tasks.o [1]
  .text              ro code   0x800'5120    0xd8  queue.o [1]
  .text              ro code   0x800'51f8    0x32  ABImemset48.o [4]
  .text              ro code   0x800'522a     0x2  stm32f1xx_hal_uart.o [1]
  .text              ro code   0x800'522c     0x2  stm32f1xx_hal_uart.o [1]
  .text              ro code   0x800'522e     0x2  stm32f1xx_hal_uart.o [1]
  .text              ro code   0x800'5230     0x2  stm32f1xx_hal_uart.o [1]
  .text              ro code   0x800'5234   0x1b4  heap_4.o [1]
  .text              ro code   0x800'53e8    0x90  list.o [1]
  .text              ro code   0x800'5478   0x14c  port.o [1]
  CODE               ro code   0x800'55c4    0x88  portasm.o [1]
  .text              ro code   0x800'564c   0x118  stm32f1xx_it.o [1]
  .text              ro code   0x800'5764     0x6  ABImemclr.o [4]
  .text              ro code   0x800'576a    0x78  lz77_init_single.o [4]
  .text              ro code   0x800'57e4    0x5c  system_stm32f1xx.o [1]
  .text              ro code   0x800'5840    0x28  data_init.o [4]
  .iar.init_table    const     0x800'5868    0x20  - Linker created -
  .text              ro code   0x800'5888    0x1e  cmain.o [4]
  .text              ro code   0x800'58a6     0x4  low_level_init.o [2]
  .text              ro code   0x800'58aa     0x4  exit.o [2]
  .text              ro code   0x800'58b0     0xa  cexit.o [4]
  .text              ro code   0x800'58ba    0x16  xprout.o [2]
  .text              ro code   0x800'58d0     0xc  putchar.o [2]
  .rodata            const     0x800'58dc    0x10  freertos.o [1]
  .rodata            const     0x800'58ec    0x10  freertos.o [1]
  .rodata            const     0x800'58fc    0x10  freertos.o [1]
  .text              ro code   0x800'590c    0x10  startup_stm32f103xe.o [1]
  .rodata            const     0x800'591c     0xc  freertos.o [1]
  .rodata            const     0x800'5928     0xc  freertos.o [1]
  .rodata            const     0x800'5934     0xc  freertos.o [1]
  .text              ro code   0x800'5940     0xc  cstartup_M.o [4]
  .rodata            const     0x800'594c     0x8  system_stm32f1xx.o [1]
  .text              ro code   0x800'5954     0x4  startup_stm32f103xe.o [1]
  .text              ro code   0x800'5958     0x4  startup_stm32f103xe.o [1]
  .text              ro code   0x800'595c     0x4  startup_stm32f103xe.o [1]
  .text              ro code   0x800'5960     0x4  startup_stm32f103xe.o [1]
  .text              ro code   0x800'5964     0x4  startup_stm32f103xe.o [1]
  .text              ro code   0x800'5968     0x4  startup_stm32f103xe.o [1]
  .text              ro code   0x800'596c     0x4  startup_stm32f103xe.o [1]
  .text              ro code   0x800'5970     0x4  startup_stm32f103xe.o [1]
  .text              ro code   0x800'5974     0x4  startup_stm32f103xe.o [1]
  .text              ro code   0x800'5978     0x4  startup_stm32f103xe.o [1]
  .text              ro code   0x800'597c     0x4  startup_stm32f103xe.o [1]
  .text              ro code   0x800'5980     0x4  startup_stm32f103xe.o [1]
  .text              ro code   0x800'5984     0x4  startup_stm32f103xe.o [1]
  .text              ro code   0x800'5988     0x4  startup_stm32f103xe.o [1]
  .text              ro code   0x800'598c     0x4  startup_stm32f103xe.o [1]
  .text              ro code   0x800'5990     0x4  startup_stm32f103xe.o [1]
  .text              ro code   0x800'5994     0x4  startup_stm32f103xe.o [1]
  .text              ro code   0x800'5998     0x4  startup_stm32f103xe.o [1]
  .text              ro code   0x800'599c     0x4  startup_stm32f103xe.o [1]
  .text              ro code   0x800'59a0     0x4  startup_stm32f103xe.o [1]
  .text              ro code   0x800'59a4     0x4  startup_stm32f103xe.o [1]
  .text              ro code   0x800'59a8     0x4  startup_stm32f103xe.o [1]
  .text              ro code   0x800'59ac     0x4  startup_stm32f103xe.o [1]
  .text              ro code   0x800'59b0     0x4  startup_stm32f103xe.o [1]
  .text              ro code   0x800'59b4     0x4  startup_stm32f103xe.o [1]
  .text              ro code   0x800'59b8     0x4  startup_stm32f103xe.o [1]
  .text              ro code   0x800'59bc     0x4  startup_stm32f103xe.o [1]
  .text              ro code   0x800'59c0     0x4  startup_stm32f103xe.o [1]
  .text              ro code   0x800'59c4     0x4  startup_stm32f103xe.o [1]
  .text              ro code   0x800'59c8     0x4  startup_stm32f103xe.o [1]
  .text              ro code   0x800'59cc     0x4  startup_stm32f103xe.o [1]
  .text              ro code   0x800'59d0     0x4  startup_stm32f103xe.o [1]
  .text              ro code   0x800'59d4     0x4  startup_stm32f103xe.o [1]
  .text              ro code   0x800'59d8     0x4  startup_stm32f103xe.o [1]
  .text              ro code   0x800'59dc     0x4  startup_stm32f103xe.o [1]
  .text              ro code   0x800'59e0     0x4  startup_stm32f103xe.o [1]
  .text              ro code   0x800'59e4     0x4  startup_stm32f103xe.o [1]
  .text              ro code   0x800'59e8     0x4  startup_stm32f103xe.o [1]
  .text              ro code   0x800'59ec     0x4  startup_stm32f103xe.o [1]
  .text              ro code   0x800'59f0     0x4  startup_stm32f103xe.o [1]
  .text              ro code   0x800'59f4     0x4  startup_stm32f103xe.o [1]
  .text              ro code   0x800'59f8     0x4  startup_stm32f103xe.o [1]
  .text              ro code   0x800'59fc     0x4  startup_stm32f103xe.o [1]
  .text              ro code   0x800'5a00     0x4  startup_stm32f103xe.o [1]
  .text              ro code   0x800'5a04     0x4  startup_stm32f103xe.o [1]
  .text              ro code   0x800'5a08     0x4  startup_stm32f103xe.o [1]
  .text              ro code   0x800'5a0c     0x4  startup_stm32f103xe.o [1]
  .text              ro code   0x800'5a10     0x4  startup_stm32f103xe.o [1]
  .text              ro code   0x800'5a14     0x4  startup_stm32f103xe.o [1]
  .text              ro code   0x800'5a18     0x4  startup_stm32f103xe.o [1]
  .text              ro code   0x800'5a1c     0x4  startup_stm32f103xe.o [1]
  .text              ro code   0x800'5a20     0x4  startup_stm32f103xe.o [1]
  .text              ro code   0x800'5a24     0x4  startup_stm32f103xe.o [1]
  .text              ro code   0x800'5a28     0x4  startup_stm32f103xe.o [1]
  .rodata            const     0x800'5a2c     0x0  zero_init3.o [4]
  .rodata            const     0x800'5a2c     0x0  lz77_init_single.o [4]
  Initializer bytes  const     0x800'5a2c    0x7a  <for P2-1>
                             - 0x800'5aa6  0x5976

"P2", part 1 of 3:                          0x12c
  P2-1                        0x2000'0000   0x12c  <Init block>
    .data            inited   0x2000'0000     0xc  port.o [1]
    .data            inited   0x2000'000c     0xc  stm32f1xx_hal.o [1]
    .data            inited   0x2000'0018     0x4  system_stm32f1xx.o [1]
    .data            inited   0x2000'001c    0x48  WaterLevel.o [1]
    .data            inited   0x2000'0064    0x38  xlocale_c.o [2]
    .data            inited   0x2000'009c    0x48  xlocale_c.o [2]
    .data            inited   0x2000'00e4    0x48  xfiles.o [2]
                            - 0x2000'012c   0x12c

"P2", part 2 of 3:                         0x23e8
  .bss               zero     0x2000'012c  0x2018  heap_4.o [1]
  .bss               zero     0x2000'2144    0xa0  tasks.o [1]
  .bss               zero     0x2000'21e4    0x8c  tasks.o [1]
  .bss               zero     0x2000'2270    0x88  usart.o [1]
  .bss               zero     0x2000'22f8    0x50  xfiles.o [2]
  .bss               zero     0x2000'2348    0x40  stm32f1xx_hal_timebase_tim.o [1]
  .bss               zero     0x2000'2388    0x40  tim.o [1]
  .bss               zero     0x2000'23c8    0x40  tim.o [1]
  .bss               zero     0x2000'2408    0x40  usart.o [1]
  .bss               zero     0x2000'2448    0x40  usart.o [1]
  .bss               zero     0x2000'2488    0x1c  freertos.o [1]
  .bss               zero     0x2000'24a8    0x38  usart.o [1]
  .bss               zero     0x2000'24e0    0x1b  main.o [1]
  .bss               zero     0x2000'24fb     0x1  main.o [1]
  .bss               zero     0x2000'24fc     0xc  iwdg.o [1]
  .bss               zero     0x2000'2508     0x4  xfail_s.o [2]
  .bss               zero     0x2000'250c     0x3  mcp4541.o [1]
  .bss               zero     0x2000'2510     0x2  freertos.o [1]
                            - 0x2000'2512  0x23e6

"P2", part 3 of 3:                         0x1800
  CSTACK                      0x2000'2518  0x1800  <Block>
    CSTACK           uninit   0x2000'2518  0x1800  <Block tail>
                            - 0x2000'3d18  0x1800

Unused ranges:

         From           To      Size
         ----           --      ----
   0x800'5aa6   0x807'ffff  0x7'a55a
  0x2000'2514  0x2000'2517       0x4
  0x2000'3d18  0x2000'ffff    0xc2e8


*******************************************************************************
*** INIT TABLE
***

          Address      Size
          -------      ----
Zero (__iar_zero_init3)
    1 destination range, total size 0x23e6:
          0x2000'012c  0x23e6

Copy/lz77 (__iar_lz77_init_single3)
    1 source range, total size 0x7a (40% of destination):
           0x800'5a2c    0x7a
    1 destination range, total size 0x12c:
          0x2000'0000   0x12c



*******************************************************************************
*** MODULE SUMMARY
***

    Module                        ro code  ro data  rw data
    ------                        -------  -------  -------
command line/config:
    -------------------------------------------------------
    Total:

F:\X300MainBoardAPP\EWARM\X100MainBoard\Obj: [1]
    18B20.o                           244
    FlashEEPROM.o                      32
    WaterLevel.o                      500       29       72
    cmsis_os.o                         92
    dma.o                              64
    freertos.o                        436       84       30
    gpio.o                            280
    heap_4.o                          436             8'216
    i2c.o                             308
    iwdg.o                             44                12
    list.o                            144
    main.o                            810                28
    mcp4541.o                         172                 3
    port.o                            332        4       12
    portasm.o                         136
    queue.o                           216
    startup_stm32f103xe.o             536
    stm32f1xx_hal.o                   104        5       12
    stm32f1xx_hal_cortex.o            152
    stm32f1xx_hal_dma.o             1'062
    stm32f1xx_hal_gpio.o              496
    stm32f1xx_hal_iwdg.o               80
    stm32f1xx_hal_msp.o                76
    stm32f1xx_hal_rcc.o             1'320
    stm32f1xx_hal_tim.o             1'700
    stm32f1xx_hal_tim_ex.o             78
    stm32f1xx_hal_timebase_tim.o      120                64
    stm32f1xx_hal_uart.o            1'652
    stm32f1xx_it.o                    280
    system_stm32f1xx.o                 92       10        4
    tasks.o                         1'344               300
    tim.o                             564               128
    usart.o                           900               320
    -------------------------------------------------------
    Total:                         14'802      132    9'201

dl7M_tlf.a: [2]
    abort.o                             6
    exit.o                              4
    low_level_init.o                    4
    printf.o                           40
    putchar.o                          12
    xencoding_8859_1.o                 30
    xfail_s.o                          64                 4
    xfiles.o                                    30      152
    xlocale_c.o                       124       57      128
    xmbcurmax.o                        10
    xprintffull.o                   4'294
    xprout.o                           22
    -------------------------------------------------------
    Total:                          4'610       87      284

m7M_tl.a: [3]
    DblAdd.o                          378
    DblCmpGe.o                         46
    DblCmpLe.o                         46
    DblDiv.o                          582
    DblMul.o                          418
    DblSub.o                          226
    DblToS32.o                         58
    DblToU32.o                         40
    S32ToDbl.o                         34
    U32ToDbl.o                         26
    frexp.o                           112
    ldexp.o                           314
    -------------------------------------------------------
    Total:                          2'280

rt7M_tl.a: [4]
    ABImemclr.o                         6
    ABImemclr4.o                        6
    ABImemcpy_small.o                  24
    ABImemset.o                       102
    ABImemset48.o                      50
    I64DivMod.o                       560
    I64DivZer.o                         2
    cexit.o                            10
    cmain.o                            30
    cstartup_M.o                       12
    data_init.o                        40
    lz77_init_single.o                120
    memchr.o                           88
    memset.o                           20
    strchr.o                           22
    strlen.o                           54
    zero_init3.o                       58
    -------------------------------------------------------
    Total:                          1'204

shb_l.a: [5]
    exit.o                             20
    -------------------------------------------------------
    Total:                             20

    Gaps                               39                 5
    Linker created                              32    6'144
-----------------------------------------------------------
    Grand Total:                   22'955      251   15'634


*******************************************************************************
*** ENTRY LIST
***

Entry                       Address    Size  Type      Object
-----                       -------    ----  ----      ------
.iar.init_table$$Base    0x800'5868           --   Gb  - Linker created -
.iar.init_table$$Limit   0x800'5888           --   Gb  - Linker created -
?main                    0x800'5889          Code  Gb  cmain.o [4]
AHBPrescTable            0x800'5830    0x10  Data  Gb  system_stm32f1xx.o [1]
APBPrescTable            0x800'594c     0x8  Data  Gb  system_stm32f1xx.o [1]
BusFault_Handler         0x800'5655     0x2  Code  Gb  stm32f1xx_it.o [1]
CSTACK$$Base            0x2000'2518           --   Gb  - Linker created -
CSTACK$$Limit           0x2000'3d18           --   Gb  - Linker created -
CacheMore                0x800'1235    0x28  Code  Lc  xlocale_c.o [2]
CntSend                 0x2000'24bd     0x1  Data  Gb  usart.o [1]
DMA1_Channel4_IRQHandler
                         0x800'565b     0x6  Code  Gb  stm32f1xx_it.o [1]
DMA1_Channel5_IRQHandler
                         0x800'5661     0x6  Code  Gb  stm32f1xx_it.o [1]
DMA_SetConfig            0x800'4b39    0x22  Code  Lc  stm32f1xx_hal_dma.o [1]
DS18B20_Delay            0x800'3bd9     0xc  Code  Lc  18B20.o [1]
DS18B20_Init             0x800'3be5    0x30  Code  Gb  18B20.o [1]
DS18B20_Mode_IPU         0x800'3c15    0x12  Code  Lc  18B20.o [1]
DS18B20_Mode_Out_PP      0x800'3c27    0x10  Code  Lc  18B20.o [1]
DS18B20_Presence         0x800'3c71    0x48  Code  Lc  18B20.o [1]
DS18B20_Rst              0x800'3c43    0x24  Code  Lc  18B20.o [1]
DebugMon_Handler         0x800'5659     0x2  Code  Gb  stm32f1xx_it.o [1]
Error_Handler            0x800'2b1d     0x2  Code  Gb  main.o [1]
FANStart                 0x800'2937     0xa  Code  Gb  main.o [1]
FFSTART_EN_DISABLE       0x800'27a7    0x10  Code  Gb  tim.o [1]
FFSTART_EN_ENABLE        0x800'2775    0x10  Code  Gb  tim.o [1]
FlagAll                 0x2000'0024     0x1  Data  Gb  WaterLevel.o [1]
FlashRemember           0x2000'24ec     0xc  Data  Gb  main.o [1]
HAL_DMA_Abort            0x800'4829    0x32  Code  Gb  stm32f1xx_hal_dma.o [1]
HAL_DMA_Abort_IT         0x800'485b    0xdc  Code  Gb  stm32f1xx_hal_dma.o [1]
HAL_DMA_IRQHandler       0x800'4937   0x1bc  Code  Gb  stm32f1xx_hal_dma.o [1]
HAL_DMA_Init             0x800'4735    0x80  Code  Gb  stm32f1xx_hal_dma.o [1]
HAL_DMA_Start_IT         0x800'47b5    0x74  Code  Gb  stm32f1xx_hal_dma.o [1]
HAL_Delay                0x800'3445    0x28  Code  Wk  stm32f1xx_hal.o [1]
HAL_GPIO_Init            0x800'2c21   0x196  Code  Gb  stm32f1xx_hal_gpio.o [1]
HAL_GPIO_ReadPin         0x800'2db7     0xc  Code  Gb  stm32f1xx_hal_gpio.o [1]
HAL_GPIO_TogglePin       0x800'2dcb     0x8  Code  Gb  stm32f1xx_hal_gpio.o [1]
HAL_GPIO_WritePin        0x800'2dc3     0x8  Code  Gb  stm32f1xx_hal_gpio.o [1]
HAL_GetTick              0x800'4b85     0xc  Code  Wk  stm32f1xx_hal.o [1]
HAL_IWDG_Init            0x800'4b91    0x44  Code  Gb  stm32f1xx_hal_iwdg.o [1]
HAL_IWDG_Refresh         0x800'4bd5     0xc  Code  Gb  stm32f1xx_hal_iwdg.o [1]
HAL_IncTick              0x800'45f9    0x10  Code  Wk  stm32f1xx_hal.o [1]
HAL_Init                 0x800'2e11    0x20  Code  Gb  stm32f1xx_hal.o [1]
HAL_InitTick             0x800'4671    0x68  Code  Gb  stm32f1xx_hal_timebase_tim.o [1]
HAL_MspInit              0x800'46e9    0x4c  Code  Gb  stm32f1xx_hal_msp.o [1]
HAL_NVIC_EnableIRQ       0x800'2bf7     0xa  Code  Gb  stm32f1xx_hal_cortex.o [1]
HAL_NVIC_SetPriority     0x800'2bbd    0x3a  Code  Gb  stm32f1xx_hal_cortex.o [1]
HAL_NVIC_SetPriorityGrouping
                         0x800'2ba3    0x1a  Code  Gb  stm32f1xx_hal_cortex.o [1]
HAL_RCC_ClockConfig      0x800'39a3   0x124  Code  Gb  stm32f1xx_hal_rcc.o [1]
HAL_RCC_EnableCSS        0x800'3adb     0x8  Code  Gb  stm32f1xx_hal_rcc.o [1]
HAL_RCC_GetClockConfig   0x800'3b43    0x36  Code  Gb  stm32f1xx_hal_rcc.o [1]
HAL_RCC_GetPCLK1Freq     0x800'3b1f    0x10  Code  Gb  stm32f1xx_hal_rcc.o [1]
HAL_RCC_GetPCLK2Freq     0x800'3b2f     0xe  Code  Gb  stm32f1xx_hal_rcc.o [1]
HAL_RCC_GetSysClockFreq
                         0x800'3ae5    0x3a  Code  Gb  stm32f1xx_hal_rcc.o [1]
HAL_RCC_GetSysClockFreq::aPLLMULFactorTable
                         0x800'3bc4    0x10  Data  Lc  stm32f1xx_hal_rcc.o [1]
HAL_RCC_GetSysClockFreq::aPredivFactorTable
                         0x800'3bd4     0x2  Data  Lc  stm32f1xx_hal_rcc.o [1]
HAL_RCC_NMI_IRQHandler   0x800'3b79    0x14  Code  Gb  stm32f1xx_hal_rcc.o [1]
HAL_RCC_OscConfig        0x800'36b1   0x2ea  Code  Gb  stm32f1xx_hal_rcc.o [1]
HAL_TIMEx_BreakCallback
                         0x800'2b1f     0x2  Code  Wk  stm32f1xx_hal_tim_ex.o [1]
HAL_TIMEx_CommutationCallback
                         0x800'2b23     0x2  Code  Wk  stm32f1xx_hal_tim_ex.o [1]
HAL_TIMEx_MasterConfigSynchronization
                         0x800'2b3d    0x4a  Code  Gb  stm32f1xx_hal_tim_ex.o [1]
HAL_TIM_Base_Init        0x800'1f1d    0x1a  Code  Gb  stm32f1xx_hal_tim.o [1]
HAL_TIM_Base_MspInit     0x800'26d5    0x4c  Code  Gb  tim.o [1]
HAL_TIM_Base_Start_IT    0x800'1f37    0x16  Code  Gb  stm32f1xx_hal_tim.o [1]
HAL_TIM_ConfigClockSource
                         0x800'2279    0xac  Code  Gb  stm32f1xx_hal_tim.o [1]
HAL_TIM_IRQHandler       0x800'2041   0x142  Code  Gb  stm32f1xx_hal_tim.o [1]
HAL_TIM_MspPostInit      0x800'2721    0x54  Code  Gb  tim.o [1]
HAL_TIM_PWM_ConfigChannel
                         0x800'2189    0xbc  Code  Gb  stm32f1xx_hal_tim.o [1]
HAL_TIM_PWM_Init         0x800'1f77    0x1a  Code  Gb  stm32f1xx_hal_tim.o [1]
HAL_TIM_PWM_Start        0x800'1f91    0x14  Code  Gb  stm32f1xx_hal_tim.o [1]
HAL_TIM_PWM_Stop         0x800'1faf    0x32  Code  Gb  stm32f1xx_hal_tim.o [1]
HAL_TIM_PeriodElapsedCallback
                         0x800'2ac3    0x26  Code  Gb  main.o [1]
HAL_UART_DMAResume       0x800'4147    0x5c  Code  Gb  stm32f1xx_hal_uart.o [1]
HAL_UART_DMAStop         0x800'41a3    0x54  Code  Gb  stm32f1xx_hal_uart.o [1]
HAL_UART_IRQHandler      0x800'4203   0x14e  Code  Gb  stm32f1xx_hal_uart.o [1]
HAL_UART_Init            0x800'3f8d    0x1e  Code  Gb  stm32f1xx_hal_uart.o [1]
HAL_UART_MspInit         0x800'310d   0x114  Code  Gb  usart.o [1]
HAL_UART_Receive_DMA     0x800'40b5    0x92  Code  Gb  stm32f1xx_hal_uart.o [1]
HAL_UART_Transmit        0x800'4003    0xaa  Code  Gb  stm32f1xx_hal_uart.o [1]
HardFault_Handler        0x800'5651     0x2  Code  Gb  stm32f1xx_it.o [1]
I2C_Delay                0x800'2f8d     0xc  Code  Gb  i2c.o [1]
I2C_SendByte             0x800'2fbf    0x4a  Code  Gb  i2c.o [1]
I2C_Start                0x800'2f99    0x18  Code  Gb  i2c.o [1]
I2C_Stop                 0x800'2fb1     0xe  Code  Gb  i2c.o [1]
I2C_WaitAck              0x800'3013    0x34  Code  Gb  i2c.o [1]
InitAllPeriph            0x800'288f    0x5c  Code  Gb  main.o [1]
MCP4541Sevice            0x800'3f1b    0x4e  Code  Gb  mcp4541.o [1]
MCPWriteData             0x800'3ee1    0x3a  Code  Gb  mcp4541.o [1]
MFSTART_EN_DISABLE       0x800'27b7    0x12  Code  Gb  tim.o [1]
MFSTART_EN_ENABLE        0x800'278f    0x12  Code  Gb  tim.o [1]
MPU6050TaskHandle       0x2000'249c     0x4  Data  Gb  freertos.o [1]
MX_DMA_Init              0x800'2f4d    0x40  Code  Gb  dma.o [1]
MX_FREERTOS_Init         0x800'3499    0x98  Code  Gb  freertos.o [1]
MX_GPIO_Init             0x800'2e35    0xde  Code  Gb  gpio.o [1]
MX_I2C1_Init             0x800'3081    0x34  Code  Gb  i2c.o [1]
MX_IWDG_Init             0x800'346d    0x2c  Code  Gb  iwdg.o [1]
MX_TIM1_Init             0x800'25b9    0x5c  Code  Gb  tim.o [1]
MX_TIM4_Init             0x800'2615    0xa8  Code  Gb  tim.o [1]
MX_USART1_UART_Init      0x800'30c1    0x14  Code  Gb  usart.o [1]
MX_USART2_UART_Init      0x800'30d5    0x14  Code  Gb  usart.o [1]
MachineSTOP              0x800'28eb    0x10  Code  Gb  main.o [1]
MemManage_Handler        0x800'5653     0x2  Code  Gb  stm32f1xx_it.o [1]
MenuFunc                 0x800'3573    0x14  Code  Gb  freertos.o [1]
MenuFunctionTasHandle   0x2000'2498     0x4  Data  Gb  freertos.o [1]
NMI_Handler              0x800'564d     0x4  Code  Gb  stm32f1xx_it.o [1]
NVIC_SetPriority         0x800'2b89    0x1a  Code  Lc  stm32f1xx_hal_cortex.o [1]
PUMPStart                0x800'28fb     0xe  Code  Gb  main.o [1]
PUMPStop                 0x800'2915    0x10  Code  Gb  main.o [1]
PUMPWL1OFF              0x2000'0040     0xc  Data  Gb  WaterLevel.o [1]
PUMPWL1ON               0x2000'0034     0xc  Data  Gb  WaterLevel.o [1]
PUMPWL2OFF              0x2000'0058     0xc  Data  Gb  WaterLevel.o [1]
PUMPWL2ON               0x2000'004c     0xc  Data  Gb  WaterLevel.o [1]
PendSV_Handler           0x800'55c5          Code  Gb  portasm.o [1]
PumpFlag                0x2000'0022     0x1  Data  Gb  WaterLevel.o [1]
PumpFlag1               0x2000'0023     0x1  Data  Gb  WaterLevel.o [1]
ReadMPU6050              0x800'358d    0x2a  Code  Gb  freertos.o [1]
ReadMPU6050::timeer1    0x2000'2510     0x2  Data  Lc  freertos.o [1]
ReadTemper               0x800'3565     0xe  Code  Gb  freertos.o [1]
ReceiveBuffer           0x2000'24e0     0xc  Data  Gb  main.o [1]
ReceiveBuffer2          0x2000'24a8    0x14  Data  Gb  usart.o [1]
Region$$Table$$Base      0x800'5868           --   Gb  - Linker created -
Region$$Table$$Limit     0x800'5888           --   Gb  - Linker created -
RxEndFlag               0x2000'24f8     0x1  Data  Gb  main.o [1]
RxLen                   0x2000'24fb     0x1  Data  Gb  main.o [1]
RxMFlag                 0x2000'24bf     0x1  Data  Gb  usart.o [1]
STFlag                  0x2000'24f9     0x1  Data  Gb  main.o [1]
STMFLASH_Read            0x800'3ec1    0x20  Code  Gb  FlashEEPROM.o [1]
SVC_Handler              0x800'560b          Code  Gb  portasm.o [1]
SendLock                0x2000'24bc     0x1  Data  Gb  usart.o [1]
SendUpdate              0x2000'24be     0x1  Data  Gb  usart.o [1]
StartDefaultTask         0x800'3531    0x18  Code  Gb  freertos.o [1]
SysTick_Handler          0x800'556d    0x26  Code  Gb  port.o [1]
SystemClock_Config       0x800'2831    0x5e  Code  Gb  main.o [1]
SystemCoreClock         0x2000'0018     0x4  Data  Gb  system_stm32f1xx.o [1]
SystemInit               0x800'57e5    0x3c  Code  Gb  system_stm32f1xx.o [1]
TIM1_UP_IRQHandler       0x800'5667     0x6  Code  Gb  stm32f1xx_it.o [1]
TIM3_IRQHandler          0x800'566d     0x6  Code  Gb  stm32f1xx_it.o [1]
TIM_Base_SetConfig       0x800'234f    0x74  Code  Gb  stm32f1xx_hal_tim.o [1]
TIM_CCxChannelCmd        0x800'259f    0x12  Code  Gb  stm32f1xx_hal_tim.o [1]
TIM_ETR_SetConfig        0x800'258b    0x14  Code  Lc  stm32f1xx_hal_tim.o [1]
TIM_ITRx_SetConfig       0x800'257b    0x10  Code  Lc  stm32f1xx_hal_tim.o [1]
TIM_OC1_SetConfig        0x800'23c3    0x58  Code  Lc  stm32f1xx_hal_tim.o [1]
TIM_OC2_SetConfig        0x800'241b    0x60  Code  Gb  stm32f1xx_hal_tim.o [1]
TIM_OC3_SetConfig        0x800'247b    0x5e  Code  Lc  stm32f1xx_hal_tim.o [1]
TIM_OC4_SetConfig        0x800'24d9    0x46  Code  Lc  stm32f1xx_hal_tim.o [1]
TIM_TI1_ConfigInputStage
                         0x800'2539    0x1e  Code  Lc  stm32f1xx_hal_tim.o [1]
TIM_TI2_ConfigInputStage
                         0x800'2557    0x24  Code  Lc  stm32f1xx_hal_tim.o [1]
TemperTASKHandle        0x2000'2494     0x4  Data  Gb  freertos.o [1]
TimUart                  0x800'323f    0x30  Code  Gb  usart.o [1]
UART_DMAAbortOnError     0x800'446d     0xc  Code  Lc  stm32f1xx_hal_uart.o [1]
UART_DMAError            0x800'4391    0x4a  Code  Lc  stm32f1xx_hal_uart.o [1]
UART_DMAReceiveCplt      0x800'4351    0x38  Code  Lc  stm32f1xx_hal_uart.o [1]
UART_DMARxHalfCplt       0x800'4389     0x6  Code  Lc  stm32f1xx_hal_uart.o [1]
UART_EndRxTransfer       0x800'4451    0x1c  Code  Lc  stm32f1xx_hal_uart.o [1]
UART_EndTxTransfer       0x800'443f    0x12  Code  Lc  stm32f1xx_hal_uart.o [1]
UART_Receive_IT          0x800'4479    0x92  Code  Lc  stm32f1xx_hal_uart.o [1]
UART_SetConfig           0x800'450b    0xe4  Code  Lc  stm32f1xx_hal_uart.o [1]
UART_WaitOnFlagUntilTimeout
                         0x800'43db    0x56  Code  Lc  stm32f1xx_hal_uart.o [1]
USART1_IRQHandler        0x800'56db    0x4c  Code  Gb  stm32f1xx_it.o [1]
USART1_Sevice1           0x800'29bd   0x106  Code  Gb  main.o [1]
USART2_IRQHandler        0x800'5673    0x68  Code  Gb  stm32f1xx_it.o [1]
UsageFault_Handler       0x800'5657     0x2  Code  Gb  stm32f1xx_it.o [1]
WHPInit                  0x800'2955    0x5e  Code  Gb  main.o [1]
WHPStart                 0x800'2925     0x4  Code  Gb  main.o [1]
WHPStop                  0x800'2929     0x2  Code  Gb  main.o [1]
WLSevice                 0x800'3e03    0x98  Code  Gb  WaterLevel.o [1]
WLSevice::time1         0x2000'002e     0x2  Data  Lc  WaterLevel.o [1]
WLSevice::time2         0x2000'0030     0x2  Data  Lc  WaterLevel.o [1]
WLSevice::time3         0x2000'0032     0x2  Data  Lc  WaterLevel.o [1]
WL_Init                  0x800'3ccd    0x30  Code  Gb  WaterLevel.o [1]
WL_scan                  0x800'3cfd   0x100  Code  Gb  WaterLevel.o [1]
WatchDogRST              0x800'3555    0x10  Code  Gb  freertos.o [1]
WatchDogTaskHandle      0x2000'2490     0x4  Data  Gb  freertos.o [1]
WaterFlag               0x2000'0020     0x1  Data  Gb  WaterLevel.o [1]
WaterFlag1              0x2000'0021     0x1  Data  Gb  WaterLevel.o [1]
WaterLevelScan           0x800'3549     0xc  Code  Gb  freertos.o [1]
WaterLevelTaskHandle    0x2000'248c     0x4  Data  Gb  freertos.o [1]
_Encoding_8859_1_Mbrlen
                         0x800'12d5     0x2  Code  Gb  xencoding_8859_1.o [2]
_Encoding_8859_1_Wctomb
                         0x800'12c3    0x12  Code  Gb  xencoding_8859_1.o [2]
_LitobFull               0x800'1043   0x10a  Code  Lc  xprintffull.o [2]
_Locale_lconv           0x2000'0064    0x38  Data  Lc  xlocale_c.o [2]
_PrintfFull              0x800'0131   0xcc4  Code  Gb  xprintffull.o [2]
_Prout                   0x800'58bb    0x16  Code  Gb  xprout.o [2]
_PutcharsFull            0x800'11b5    0x2e  Code  Lc  xprintffull.o [2]
_PutstrFull              0x800'0f83    0xc0  Code  Lc  xprintffull.o [2]
_PuttxtFull              0x800'0e77   0x10c  Code  Lc  xprintffull.o [2]
__aeabi_cdcmple          0x800'1439          Code  Gb  DblCmpLe.o [3]
__aeabi_cdrcmple         0x800'1469          Code  Gb  DblCmpGe.o [3]
__aeabi_d2iz             0x800'15d5          Code  Gb  DblToS32.o [3]
__aeabi_d2uiz            0x800'1961          Code  Gb  DblToU32.o [3]
__aeabi_dadd             0x800'1d89          Code  Gb  DblAdd.o [3]
__aeabi_ddiv             0x800'1719          Code  Gb  DblDiv.o [3]
__aeabi_dmul             0x800'19a5          Code  Gb  DblMul.o [3]
__aeabi_dsub             0x800'1635          Code  Gb  DblSub.o [3]
__aeabi_i2d              0x800'1611          Code  Gb  S32ToDbl.o [3]
__aeabi_ldiv0            0x800'1f05          Code  Gb  I64DivZer.o [4]
__aeabi_memclr           0x800'5765          Code  Gb  ABImemclr.o [4]
__aeabi_memclr4          0x800'36a9          Code  Gb  ABImemclr4.o [4]
__aeabi_memset           0x800'4609          Code  Gb  ABImemset.o [4]
__aeabi_ui2d             0x800'1989          Code  Gb  U32ToDbl.o [3]
__aeabi_uldivmod         0x800'1b51          Code  Gb  I64DivMod.o [4]
__cmain                  0x800'5889          Code  Gb  cmain.o [4]
__exit                   0x800'1f09    0x14  Code  Gb  exit.o [5]
__iar_Fail_s             0x800'12e1    0x1c  Code  Gb  xfail_s.o [2]
__iar_Mbcurmax           0x800'1b47     0xa  Code  Gb  xmbcurmax.o [2]
__iar_Memchr             0x800'1359          Code  Gb  memchr.o [4]
__iar_Memset             0x800'4609          Code  Gb  ABImemset.o [4]
__iar_Memset4_word       0x800'51f9          Code  Gb  ABImemset48.o [4]
__iar_Memset8_word       0x800'51f9          Code  Gb  ABImemset48.o [4]
__iar_Memset_word        0x800'4611          Code  Gb  ABImemset.o [4]
__iar_Stdout            0x2000'00e4    0x48  Data  Gb  xfiles.o [2]
__iar_Strchr             0x800'12ad          Code  Gb  strchr.o [4]
__iar_dadd               0x800'1645          Code  Gb  DblSub.o [3]
__iar_data_init3         0x800'5841    0x28  Code  Gb  data_init.o [4]
__iar_dsub               0x800'1d99          Code  Gb  DblAdd.o [3]
__iar_dsubStart          0x800'1dab          Code  Gb  DblAdd.o [3]
__iar_frexp              0x800'13d5          Code  Gb  frexp.o [3]
__iar_frexp64            0x800'13c9          Code  Gb  frexp.o [3]
__iar_frexpl             0x800'13d5          Code  Gb  frexp.o [3]
__iar_globLocale        0x2000'009c    0x48  Data  Lc  xlocale_c.o [2]
__iar_global_Locale      0x800'1231     0x4  Code  Gb  xlocale_c.o [2]
__iar_ldexp64            0x800'1499          Code  Gb  ldexp.o [3]
__iar_lz77_init_single3
                         0x800'576b    0x78  Code  Gb  lz77_init_single.o [4]
__iar_program_start      0x800'5941          Code  Gb  cstartup_M.o [4]
__iar_scalbln64          0x800'1499          Code  Gb  ldexp.o [3]
__iar_scalbn64           0x800'1499          Code  Gb  ldexp.o [3]
__iar_small_Memcpy       0x800'13b5          Code  Gb  ABImemcpy_small.o [4]
__iar_small_memcpy       0x800'13b1          Code  Gb  ABImemcpy_small.o [4]
__iar_small_memcpy4      0x800'13b1          Code  Gb  ABImemcpy_small.o [4]
__iar_small_memcpy8      0x800'13b1          Code  Gb  ABImemcpy_small.o [4]
__iar_zero_init3         0x800'11f7    0x3a  Code  Gb  zero_init3.o [4]
__low_level_init         0x800'58a7     0x4  Code  Gb  low_level_init.o [2]
__vector_table           0x800'0000          Data  Gb  startup_stm32f103xe.o [1]
_call_main               0x800'5895          Code  Gb  cmain.o [4]
_exit                    0x800'58b1          Code  Gb  cexit.o [4]
_gLocale_mblen           0x800'1299     0x4  Code  Gb  xlocale_c.o [2]
_gLocale_mblenInt        0x800'125d    0x2c  Code  Gb  xlocale_c.o [2]
_gLocale_wctomb          0x800'129d     0x4  Code  Gb  xlocale_c.o [2]
_gLocale_wctombInt       0x800'1295     0x4  Code  Gb  xlocale_c.o [2]
_main                    0x800'58a3          Code  Gb  cmain.o [4]
abort                    0x800'1d81     0x6  Code  Gb  abort.o [2]
bufcount                0x2000'24c0     0x1  Data  Gb  usart.o [1]
defaultTaskHandle       0x2000'2488     0x4  Data  Gb  freertos.o [1]
everyFlag               0x2000'24fa     0x1  Data  Gb  main.o [1]
exit                     0x800'58ab     0x4  Code  Gb  exit.o [2]
fputc                    0x800'33c7    0x14  Code  Gb  usart.o [1]
frexp                    0x800'13c9          Code  Gb  frexp.o [3]
frexpl                   0x800'13c9          Code  Gb  frexp.o [3]
hdma_usart1_rx          0x2000'2270    0x44  Data  Gb  usart.o [1]
hdma_usart1_tx          0x2000'22b4    0x44  Data  Gb  usart.o [1]
hiwdg                   0x2000'24fc     0xc  Data  Gb  iwdg.o [1]
htim1                   0x2000'2388    0x40  Data  Gb  tim.o [1]
htim3                   0x2000'2348    0x40  Data  Gb  stm32f1xx_hal_timebase_tim.o [1]
htim4                   0x2000'23c8    0x40  Data  Gb  tim.o [1]
huart1                  0x2000'2408    0x40  Data  Gb  usart.o [1]
huart2                  0x2000'2448    0x40  Data  Gb  usart.o [1]
ldexp                    0x800'1499          Code  Gb  ldexp.o [3]
ldexpl                   0x800'1499          Code  Gb  ldexp.o [3]
localeconv               0x800'12a1     0x4  Code  Gb  xlocale_c.o [2]
main                     0x800'27f5    0x3c  Code  Gb  main.o [1]
makeFreeRtosPriority     0x800'364d     0xc  Code  Lc  cmsis_os.o [1]
memchr                   0x800'1359          Code  Gb  memchr.o [4]
memset                   0x800'2b27    0x14  Code  Gb  memset.o [4]
obuf                    0x2000'22f8    0x50  Data  Lc  xfiles.o [2]
osDelay                  0x800'3691     0xe  Code  Gb  cmsis_os.o [1]
osKernelStart            0x800'3659     0xa  Code  Gb  cmsis_os.o [1]
osMessageCreate          0x800'369f     0xa  Code  Gb  cmsis_os.o [1]
osThreadCreate           0x800'3663    0x2e  Code  Gb  cmsis_os.o [1]
printf                   0x800'4b5d    0x28  Code  Gb  printf.o [2]
prvAddCurrentTaskToDelayedList
                         0x800'50a5    0x64  Code  Lc  tasks.o [1]
prvDeleteTCB             0x800'5043    0x14  Code  Lc  tasks.o [1]
prvIdleTask              0x800'4ff1    0x52  Code  Lc  tasks.o [1]
prvInsertBlockIntoFreeList
                         0x800'539b    0x46  Code  Lc  heap_4.o [1]
prvResetNextTaskUnblockTime
                         0x800'5057    0x1a  Code  Lc  tasks.o [1]
prvTaskExitError         0x800'5499    0x1c  Code  Lc  port.o [1]
putchar                  0x800'58d1     0xc  Code  Gb  putchar.o [2]
pvPortMalloc             0x800'5235   0x104  Code  Gb  heap_4.o [1]
pxCurrentTCB            0x2000'216c     0x4  Data  Gb  tasks.o [1]
pxDelayedTaskList       0x2000'2170     0x4  Data  Lc  tasks.o [1]
pxEnd                   0x2000'0134     0x4  Data  Lc  heap_4.o [1]
pxOverflowDelayedTaskList
                        0x2000'2174     0x4  Data  Lc  tasks.o [1]
pxPortInitialiseStack    0x800'5479    0x20  Code  Gb  port.o [1]
pxReadyTasksLists       0x2000'21e4    0x8c  Data  Lc  tasks.o [1]
scalbln                  0x800'1499          Code  Gb  ldexp.o [3]
scalblnl                 0x800'1499          Code  Gb  ldexp.o [3]
scalbn                   0x800'1499          Code  Gb  ldexp.o [3]
scalbnl                  0x800'1499          Code  Gb  ldexp.o [3]
scale                    0x800'114d    0x46  Code  Lc  xprintffull.o [2]
sec_hand                0x2000'2508     0x4  Data  Lc  xfail_s.o [2]
strchr                   0x800'12ad          Code  Gb  strchr.o [4]
strlen                   0x800'1321          Code  Gb  strlen.o [4]
tempFYtemp              0x2000'24d0     0x8  Data  Gb  usart.o [1]
tempHGtemp              0x2000'24d8     0x8  Data  Gb  usart.o [1]
tempHXtemp              0x2000'24c8     0x8  Data  Gb  usart.o [1]
tempmcp1                0x2000'250c     0x1  Data  Gb  mcp4541.o [1]
tempmcp2                0x2000'250d     0x1  Data  Gb  mcp4541.o [1]
tempmcp3                0x2000'250e     0x1  Data  Gb  mcp4541.o [1]
ucHeap                  0x2000'0144  0x2000  Data  Lc  heap_4.o [1]
ucMaxSysCallPriority    0x2000'0000     0x1  Data  Lc  port.o [1]
ucWLLockIn1             0x2000'001c     0x1  Data  Gb  WaterLevel.o [1]
ucWLLockIn2             0x2000'001e     0x1  Data  Gb  WaterLevel.o [1]
ucWLLockOut1            0x2000'001d     0x1  Data  Gb  WaterLevel.o [1]
ucWLLockOut2            0x2000'001f     0x1  Data  Gb  WaterLevel.o [1]
uiWLTimeCntIn1          0x2000'0028     0x2  Data  Gb  WaterLevel.o [1]
uiWLTimeCntIn2          0x2000'002c     0x2  Data  Gb  WaterLevel.o [1]
uiWLTimeCntOut1         0x2000'0026     0x2  Data  Gb  WaterLevel.o [1]
uiWLTimeCntOut2         0x2000'002a     0x2  Data  Gb  WaterLevel.o [1]
ulMaxPRIGROUPValue      0x2000'0008     0x4  Data  Lc  port.o [1]
usart2_sevice            0x800'3271   0x11e  Code  Gb  usart.o [1]
usartQueue01Handle      0x2000'24a0     0x4  Data  Gb  freertos.o [1]
uwTick                  0x2000'0010     0x4  Data  Gb  stm32f1xx_hal.o [1]
uwTickFreq              0x2000'000c     0x1  Data  Gb  stm32f1xx_hal.o [1]
uwTickPrio              0x2000'0014     0x4  Data  Gb  stm32f1xx_hal.o [1]
uxCriticalNesting       0x2000'0004     0x4  Data  Lc  port.o [1]
uxCurrentNumberOfTasks  0x2000'2190     0x4  Data  Lc  tasks.o [1]
uxDeletedTasksWaitingCleanUp
                        0x2000'2178     0x4  Data  Lc  tasks.o [1]
uxListRemove             0x800'5455    0x24  Code  Gb  list.o [1]
uxPendedTicks           0x2000'21a0     0x4  Data  Lc  tasks.o [1]
uxSchedulerSuspended    0x2000'21b4     0x4  Data  Lc  tasks.o [1]
uxTaskNumber            0x2000'21ac     0x4  Data  Lc  tasks.o [1]
uxTopReadyPriority      0x2000'2198     0x4  Data  Lc  tasks.o [1]
vListInitialise          0x800'53e9    0x1a  Code  Gb  list.o [1]
vListInitialiseItem      0x800'5403     0x6  Code  Gb  list.o [1]
vListInsert              0x800'5423    0x32  Code  Gb  list.o [1]
vListInsertEnd           0x800'5409    0x1a  Code  Gb  list.o [1]
vPortEnterCritical       0x800'5519    0x32  Code  Gb  port.o [1]
vPortExitCritical        0x800'554b    0x22  Code  Gb  port.o [1]
vPortFree                0x800'5347    0x46  Code  Gb  heap_4.o [1]
vPortStartFirstTask      0x800'562b          Code  Gb  portasm.o [1]
vTaskDelay               0x800'4d1d    0x2e  Code  Gb  tasks.o [1]
vTaskStartScheduler      0x800'4d67    0x54  Code  Gb  tasks.o [1]
vTaskSuspendAll          0x800'4dbb     0xc  Code  Gb  tasks.o [1]
vTaskSwitchContext       0x800'4f27    0x52  Code  Gb  tasks.o [1]
xBlockAllocatedBit      0x2000'0140     0x4  Data  Lc  heap_4.o [1]
xDelayedTaskList1       0x2000'21b8    0x14  Data  Lc  tasks.o [1]
xDelayedTaskList2       0x2000'21cc    0x14  Data  Lc  tasks.o [1]
xFreeBytesRemaining     0x2000'0138     0x4  Data  Lc  heap_4.o [1]
xIdleTaskHandle         0x2000'21e0     0x4  Data  Lc  tasks.o [1]
xMinimumEverFreeBytesRemaining
                        0x2000'013c     0x4  Data  Lc  heap_4.o [1]
xNextTaskUnblockTime    0x2000'21b0     0x4  Data  Lc  tasks.o [1]
xNumOfOverflows         0x2000'21a8     0x4  Data  Lc  tasks.o [1]
xPendingReadyList       0x2000'2144    0x14  Data  Lc  tasks.o [1]
xPortStartScheduler      0x800'54b5    0x64  Code  Gb  port.o [1]
xQueueGenericCreate      0x800'5199    0x3e  Code  Gb  queue.o [1]
xQueueGenericReset       0x800'5121    0x78  Code  Gb  queue.o [1]
xSchedulerRunning       0x2000'219c     0x4  Data  Lc  tasks.o [1]
xStart                  0x2000'012c     0x8  Data  Lc  heap_4.o [1]
xSuspendedTaskList      0x2000'217c    0x14  Data  Lc  tasks.o [1]
xTaskCreate              0x800'4be1   0x13c  Code  Gb  tasks.o [1]
xTaskIncrementTick       0x800'4e69    0xbe  Code  Gb  tasks.o [1]
xTaskRemoveFromEventList
                         0x800'4f8d    0x4e  Code  Gb  tasks.o [1]
xTaskResumeAll           0x800'4dc7    0x9a  Code  Gb  tasks.o [1]
xTasksWaitingTermination
                        0x2000'2158    0x14  Data  Lc  tasks.o [1]
xTickCount              0x2000'2194     0x4  Data  Lc  tasks.o [1]
xYieldPending           0x2000'21a4     0x4  Data  Lc  tasks.o [1]


[1] = F:\X300MainBoardAPP\EWARM\X100MainBoard\Obj
[2] = dl7M_tlf.a
[3] = m7M_tl.a
[4] = rt7M_tl.a
[5] = shb_l.a

  22'955 bytes of readonly  code memory
     251 bytes of readonly  data memory
  15'634 bytes of readwrite data memory

Errors: none
Warnings: none
